// Jest Snapshot v1, https://goo.gl/fbAQLP

exports[`getComputedSkills It should return computed skills 1`] = `
Array [
  Object {
    "durationInMonths": 40,
    "id": 400,
    "name": "Java",
  },
]
`;
